2025-10-17 19:15:29,116 | INFO | START app db=sqlite path=cafe_inventory.db seed=True
2025-10-17 19:17:14,332 | INFO | START app db=sqlite path=cafe_inventory.db seed=True
2025-10-17 19:17:14,336 | INFO | Seeded demo data (sqlite)
2025-10-17 19:18:31,533 | ERROR | PO_ADD_LINE failed
Traceback (most recent call last):
  File "C:\Users\Henry\Documents\COLLEGE\7TH SEMESTER\SDEV PYTHON\cafe_inventory_project\cafe_inventory\app.py", line 320, in main
    iid = inv.resolve_item_ref(ref)
          ^^^^^^^^^^^^^^^^^^^^^^^^^
  File "C:\Users\Henry\Documents\COLLEGE\7TH SEMESTER\SDEV PYTHON\cafe_inventory_project\cafe_inventory\infra_sql.py", line 291, in resolve_item_ref
    raise ValueError("Item part number not found")
ValueError: Item part number not found
2025-10-17 19:18:35,118 | INFO | PO_CANCEL id=1
2025-10-17 19:19:07,773 | ERROR | PO_RECEIVE failed
Traceback (most recent call last):
  File "C:\Users\Henry\Documents\COLLEGE\7TH SEMESTER\SDEV PYTHON\cafe_inventory_project\cafe_inventory\app.py", line 379, in main
    po = inv.get_order(oid)
         ^^^^^^^^^^^^^^^^^^
  File "C:\Users\Henry\Documents\COLLEGE\7TH SEMESTER\SDEV PYTHON\cafe_inventory_project\cafe_inventory\infra_sql.py", line 457, in get_order
    raise ValueError("Order not found")
ValueError: Order not found
2025-10-17 19:19:27,850 | INFO | CSV_EXPORT path=C:\Users\Henry\Documents\COLLEGE\7TH SEMESTER\SDEV PYTHON\cafe_inventory_project\items_export.csv
2025-10-17 19:19:50,354 | ERROR | CSV_IMPORT failed
Traceback (most recent call last):
  File "C:\Users\Henry\Documents\COLLEGE\7TH SEMESTER\SDEV PYTHON\cafe_inventory_project\cafe_inventory\app.py", line 446, in main
    added = import_items_csv(inv, path)
            ^^^^^^^^^^^^^^^^^^^^^^^^^^^
  File "C:\Users\Henry\Documents\COLLEGE\7TH SEMESTER\SDEV PYTHON\cafe_inventory_project\cafe_inventory\io_csv.py", line 95, in import_items_csv
    inv.add_item(
  File "C:\Users\Henry\Documents\COLLEGE\7TH SEMESTER\SDEV PYTHON\cafe_inventory_project\cafe_inventory\infra_sql.py", line 170, in add_item
    raise ValueError("Duplicate part number")
ValueError: Duplicate part number
